Script started on Thu 11 Sep 2014 11:13:03 AM EDT
bash-4.1$ cd -[K~/os151[K[K61/root
bash-4.1$ cs161-gdb kernel
GNU gdb 6.6
Copyright (C) 2006 Free Software Foundation, Inc.
GDB is free software, covered by the GNU General Public License, and you are
welcome to change it and/or distribute copies of it under certain conditions.
Type "show copying" to see the conditions.
There is absolutely no warranty for GDB.  Type "show warranty" for details.
This GDB was configured as "--host=x86_64-unknown-linux-gnu --target=mips-elf"...
(gdb) target remote unix:.sockets/gdb
Remote debugging using unix:.sockets/gdb
__start () at ../../arch/mips/mips/start.S:24
24	../../arch/mips/mips/start.S: No such file or directory.
	in ../../arch/mips/mips/start.S
Current language:  auto; currently asm
(gdb) break menu
Breakpoint 1 at 0x8001baac
(gdb) c
Continuing.

Breakpoint 1, 0xffffffff8001baac in menu ()
(gdb) where
#0  0xffffffff8001baac in menu ()
#1  0xffffffff8001a9dc in kmain ()
#2  0xffffffff8000d274 in __start () at ../../arch/mips/mips/start.S:163
(gdb) detach
Ending remote debugging.
(gdb) quit
bash-4.1$ exit

Script done on Thu 11 Sep 2014 11:16:12 AM EDT
